<?xml version="1.0" encoding="UTF-8"?>
<testsuites name="jest tests" tests="2" failures="0" errors="0" time="0.621">
  <testsuite name="undefined" errors="0" failures="0" skipped="0" timestamp="2023-10-19T06:01:42" time="0.432" tests="2">
    <testcase classname=" Celsius to Fahrenheit" name=" Celsius to Fahrenheit" time="0.01">
    </testcase>
    <testcase classname=" Fahrenheit to Celsius" name=" Fahrenheit to Celsius" time="0.002">
    </testcase>
  </testsuite>
</testsuites>